
> codeeditor-frontend@0.0.0 build
> vite build

[36mvite v5.4.21 [32mbuilding for production...[36m[39m
transforming...
[32mΓ£ô[39m 3 modules transformed.
x Build failed in 207ms
error during build:
[vite]: Rollup failed to resolve import "@react-oauth/google" from "E:/CodeEditorPro/codeEditorfd/src/main.jsx".
This is most likely unintended because it can break your application at runtime.
If you do want to externalize this module explicitly add it to
`build.rollupOptions.external`
    at viteWarn (file:///E:/CodeEditorPro/codeEditorfd/node_modules/vite/dist/node/chunks/dep-BK3b2jBa.js:65855:17)
    at onwarn (file:///E:/CodeEditorPro/codeEditorfd/node_modules/@vitejs/plugin-react/dist/index.js:90:7)
    at onRollupWarning (file:///E:/CodeEditorPro/codeEditorfd/node_modules/vite/dist/node/chunks/dep-BK3b2jBa.js:65885:5)
    at onwarn (file:///E:/CodeEditorPro/codeEditorfd/node_modules/vite/dist/node/chunks/dep-BK3b2jBa.js:65550:7)
    at file:///E:/CodeEditorPro/codeEditorfd/node_modules/rollup/dist/es/shared/node-entry.js:20995:13
    at Object.logger [as onLog] (file:///E:/CodeEditorPro/codeEditorfd/node_modules/rollup/dist/es/shared/node-entry.js:22968:9)
    at ModuleLoader.handleInvalidResolvedId (file:///E:/CodeEditorPro/codeEditorfd/node_modules/rollup/dist/es/shared/node-entry.js:21712:26)
    at file:///E:/CodeEditorPro/codeEditorfd/node_modules/rollup/dist/es/shared/node-entry.js:21670:26
